// Jest Snapshot v1, https://goo.gl/fbAQLP

exports[`renders button with passed props 1`] = `
<button
  onClick={[Function]}
>
  testlabel
   
  0
</button>
`;
